I'm sorry, but errors were detected in your script. Please correct the
errors listed below, and try again.


File "game/script.rpy", line 53: Indentation mismatch.

Ren'Py Version: Ren'Py 8.1.3.23091805
Fri Nov 10 16:40:55 2023
